[2025-12-31 19:46:17] Server start on port 8080
[2025-12-31 19:46:24] Server start on port 8080
[2025-12-31 19:46:27] Client connected
[2025-12-31 19:46:27] [DISPATCH] action=login username=teonhe2
[2025-12-31 19:46:27] Client connected
[2025-12-31 19:46:27] Client connected
[2025-12-31 19:46:27] [login] Action: User: teonhe2 status=SUCCESS user_id=3 response=101
[2025-12-31 19:46:27] [DISPATCH] action=login username=teonhe2
[2025-12-31 19:46:28] [DISPATCH] action=create_project user_id=3 project_name=unknown
[2025-12-31 19:46:28] Client connected
[2025-12-31 19:46:28] [login] Action: User: teonhe2 status=SUCCESS user_id=3 response=101
[2025-12-31 19:46:28] Client connected
[2025-12-31 19:46:28] [create_project] user_id=3 project_id=137 project_name=Thread_Project_0_7626ab78
[2025-12-31 19:46:28] [DISPATCH] action=create_project user_id=3 project_name=unknown
[2025-12-31 19:46:28] [DISPATCH] action=login username=teonhe2
[2025-12-31 19:46:28] [create_project] user_id=3 project_id=138 project_name=Thread_Project_1_3d7090e7
[2025-12-31 19:46:28] Client connected
[2025-12-31 19:46:28] [login] Action: User: teonhe2 status=SUCCESS user_id=3 response=101
[2025-12-31 19:46:28] Client connected
[2025-12-31 19:46:28] [DISPATCH] action=create_project user_id=3 project_name=unknown
[2025-12-31 19:46:28] [DISPATCH] action=login username=teonhe2
[2025-12-31 19:46:28] Client connected
[2025-12-31 19:46:28] [create_project] user_id=3 project_id=139 project_name=Thread_Project_2_99bb034d
[2025-12-31 19:46:28] Client connected
[2025-12-31 19:46:28] [login] Action: User: teonhe2 status=SUCCESS user_id=3 response=101
[2025-12-31 19:46:28] Client connected
[2025-12-31 19:46:28] [DISPATCH] action=login username=teonhe2
[2025-12-31 19:46:28] [DISPATCH] action=create_project user_id=3 project_name=unknown
[2025-12-31 19:46:28] Client connected
[2025-12-31 19:46:28] [login] Action: User: teonhe2 status=SUCCESS user_id=3 response=101
[2025-12-31 19:46:28] Client connected
[2025-12-31 19:46:28] [create_project] user_id=3 project_id=140 project_name=Thread_Project_3_7e78de1e
[2025-12-31 19:46:28] [DISPATCH] action=login username=teonhe2
[2025-12-31 19:46:28] Client connected
[2025-12-31 19:46:28] [login] Action: User: teonhe2 status=SUCCESS user_id=3 response=101
[2025-12-31 19:46:28] Client connected
[2025-12-31 19:46:28] [DISPATCH] action=create_project user_id=3 project_name=unknown
[2025-12-31 19:46:28] [DISPATCH] action=login username=teonhe2
[2025-12-31 19:46:28] [create_project] user_id=3 project_id=141 project_name=Thread_Project_4_baf70a00
[2025-12-31 19:46:28] Client connected
[2025-12-31 19:46:28] [login] Action: User: teonhe2 status=SUCCESS user_id=3 response=101
[2025-12-31 19:46:28] [DISPATCH] action=create_project user_id=3 project_name=unknown
[2025-12-31 19:46:28] [DISPATCH] action=login username=teonhe2
[2025-12-31 19:46:28] Client connected
[2025-12-31 19:46:28] [create_project] user_id=3 project_id=142 project_name=Thread_Project_5_f45a6980
[2025-12-31 19:46:28] Client connected
[2025-12-31 19:46:28] [login] Action: User: teonhe2 status=SUCCESS user_id=3 response=101
[2025-12-31 19:46:28] [DISPATCH] action=create_project user_id=3 project_name=unknown
[2025-12-31 19:46:28] [create_project] user_id=3 project_id=143 project_name=Thread_Project_6_96be2244
[2025-12-31 19:46:28] Client connected
[2025-12-31 19:46:28] [DISPATCH] action=login username=teonhe2
[2025-12-31 19:46:28] [DISPATCH] action=create_project user_id=3 project_name=unknown
[2025-12-31 19:46:28] Client connected
[2025-12-31 19:46:28] [login] Action: User: teonhe2 status=SUCCESS user_id=3 response=101
[2025-12-31 19:46:28] [create_project] user_id=3 project_id=144 project_name=Thread_Project_7_97f76330
[2025-12-31 19:46:28] [DISPATCH] action=login username=teonhe2
[2025-12-31 19:46:28] Client connected
[2025-12-31 19:46:28] [DISPATCH] action=create_project user_id=3 project_name=unknown
[2025-12-31 19:46:28] Client connected
[2025-12-31 19:46:28] [login] Action: User: teonhe2 status=SUCCESS user_id=3 response=101
[2025-12-31 19:46:28] [create_project] user_id=3 project_id=145 project_name=Thread_Project_8_b47d373a
[2025-12-31 19:46:28] [DISPATCH] action=login username=teonhe2
[2025-12-31 19:46:28] [DISPATCH] action=create_project user_id=3 project_name=unknown
[2025-12-31 19:46:28] Client connected
[2025-12-31 19:46:28] [DISPATCH] action=login username=teonhe2
[2025-12-31 19:46:28] Client connected
[2025-12-31 19:46:28] [create_project] user_id=3 project_id=146 project_name=Thread_Project_9_af85c997
[2025-12-31 19:46:28] [login] Action: User: teonhe2 status=SUCCESS user_id=3 response=101
[2025-12-31 19:46:28] Client connected
[2025-12-31 19:46:28] Client connected
[2025-12-31 19:46:28] [login] Action: User: teonhe2 status=SUCCESS user_id=3 response=101
[2025-12-31 19:46:28] [DISPATCH] action=create_project user_id=3 project_name=unknown
[2025-12-31 19:46:28] [create_project] user_id=3 project_id=147 project_name=Thread_Project_10_4c4ed7da
[2025-12-31 19:46:28] [DISPATCH] action=create_project user_id=3 project_name=unknown
[2025-12-31 19:46:28] [DISPATCH] action=login username=teonhe2
[2025-12-31 19:46:28] Client connected
[2025-12-31 19:46:28] Client connected
[2025-12-31 19:46:28] [create_project] user_id=3 project_id=148 project_name=Thread_Project_11_3bd3d8c9
[2025-12-31 19:46:28] [DISPATCH] action=login username=teonhe2
[2025-12-31 19:46:28] [login] Action: User: teonhe2 status=SUCCESS user_id=3 response=101
[2025-12-31 19:46:28] Client connected
[2025-12-31 19:46:28] [login] Action: User: teonhe2 status=SUCCESS user_id=3 response=101
[2025-12-31 19:46:28] Client connected
[2025-12-31 19:46:28] [DISPATCH] action=create_project user_id=3 project_name=unknown
[2025-12-31 19:46:28] [create_project] user_id=3 project_id=149 project_name=Thread_Project_12_c6d53a7e
[2025-12-31 19:46:28] [DISPATCH] action=create_project user_id=3 project_name=unknown
[2025-12-31 19:46:28] [DISPATCH] action=login username=teonhe2
[2025-12-31 19:46:28] Client connected
[2025-12-31 19:46:28] Client connected
[2025-12-31 19:46:28] [create_project] user_id=3 project_id=150 project_name=Thread_Project_13_940f8f5e
[2025-12-31 19:46:28] [login] Action: User: teonhe2 status=SUCCESS user_id=3 response=101
[2025-12-31 19:46:28] [DISPATCH] action=login username=teonhe2
[2025-12-31 19:46:28] [DISPATCH] action=create_project user_id=3 project_name=unknown
[2025-12-31 19:46:28] Client connected
[2025-12-31 19:46:28] Client connected
[2025-12-31 19:46:28] [login] Action: User: teonhe2 status=SUCCESS user_id=3 response=101
[2025-12-31 19:46:28] [create_project] user_id=3 project_id=151 project_name=Thread_Project_14_faf856e1
[2025-12-31 19:46:28] [DISPATCH] action=login username=teonhe2
[2025-12-31 19:46:28] [DISPATCH] action=create_project user_id=3 project_name=unknown
[2025-12-31 19:46:28] Client connected
[2025-12-31 19:46:28] Client connected
[2025-12-31 19:46:28] [create_project] user_id=3 project_id=152 project_name=Thread_Project_15_6e74aa21
[2025-12-31 19:46:28] [login] Action: User: teonhe2 status=SUCCESS user_id=3 response=101
[2025-12-31 19:46:28] [DISPATCH] action=login username=teonhe2
[2025-12-31 19:46:28] [DISPATCH] action=create_project user_id=3 project_name=unknown
[2025-12-31 19:46:28] Client connected
[2025-12-31 19:46:28] [login] Action: User: teonhe2 status=SUCCESS user_id=3 response=101
[2025-12-31 19:46:28] Client connected
[2025-12-31 19:46:28] [create_project] user_id=3 project_id=153 project_name=Thread_Project_16_abad6edd
[2025-12-31 19:46:28] [DISPATCH] action=create_project user_id=3 project_name=unknown
[2025-12-31 19:46:28] [DISPATCH] action=login username=teonhe2
[2025-12-31 19:46:28] [create_project] user_id=3 project_id=154 project_name=Thread_Project_17_3f9ec582
[2025-12-31 19:46:28] Client connected
[2025-12-31 19:46:28] Client connected
[2025-12-31 19:46:28] [login] Action: User: teonhe2 status=SUCCESS user_id=3 response=101
[2025-12-31 19:46:28] [DISPATCH] action=create_project user_id=3 project_name=unknown
[2025-12-31 19:46:28] [DISPATCH] action=login username=teonhe2
[2025-12-31 19:46:28] Client connected
[2025-12-31 19:46:28] Client connected
[2025-12-31 19:46:28] [create_project] user_id=3 project_id=155 project_name=Thread_Project_18_f8399fc2
[2025-12-31 19:46:28] [login] Action: User: teonhe2 status=SUCCESS user_id=3 response=101
[2025-12-31 19:46:28] [DISPATCH] action=create_project user_id=3 project_name=unknown
[2025-12-31 19:46:28] [DISPATCH] action=login username=teonhe2
[2025-12-31 19:46:28] Client connected
[2025-12-31 19:46:28] Client connected
[2025-12-31 19:46:28] [login] Action: User: teonhe2 status=SUCCESS user_id=3 response=101
[2025-12-31 19:46:28] [create_project] user_id=3 project_id=156 project_name=Thread_Project_19_1b2d97d3
[2025-12-31 19:46:28] [DISPATCH] action=login username=teonhe2
[2025-12-31 19:46:29] Client connected
[2025-12-31 19:46:29] [DISPATCH] action=create_project user_id=3 project_name=unknown
[2025-12-31 19:46:29] [login] Action: User: teonhe2 status=SUCCESS user_id=3 response=101
[2025-12-31 19:46:29] Client connected
[2025-12-31 19:46:29] [create_project] user_id=3 project_id=157 project_name=Thread_Project_20_d84f3ed7
[2025-12-31 19:46:29] [DISPATCH] action=create_project user_id=3 project_name=unknown
[2025-12-31 19:46:29] [DISPATCH] action=login username=teonhe2
[2025-12-31 19:46:29] [create_project] user_id=3 project_id=158 project_name=Thread_Project_21_387c3b6c
[2025-12-31 19:46:29] Client connected
[2025-12-31 19:46:29] [login] Action: User: teonhe2 status=SUCCESS user_id=3 response=101
[2025-12-31 19:46:29] Client connected
[2025-12-31 19:46:29] [DISPATCH] action=create_project user_id=3 project_name=unknown
[2025-12-31 19:46:29] [DISPATCH] action=login username=teonhe2
[2025-12-31 19:46:29] Client connected
[2025-12-31 19:46:29] Client connected
[2025-12-31 19:46:29] [create_project] user_id=3 project_id=159 project_name=Thread_Project_22_f3af9e73
[2025-12-31 19:46:29] [login] Action: User: teonhe2 status=SUCCESS user_id=3 response=101
[2025-12-31 19:46:29] [DISPATCH] action=create_project user_id=3 project_name=unknown
[2025-12-31 19:46:29] [DISPATCH] action=login username=teonhe2
[2025-12-31 19:46:29] Client connected
[2025-12-31 19:46:29] Client connected
[2025-12-31 19:46:29] [create_project] user_id=3 project_id=160 project_name=Thread_Project_23_d6e0e4ca
[2025-12-31 19:46:29] [login] Action: User: teonhe2 status=SUCCESS user_id=3 response=101
[2025-12-31 19:46:29] [DISPATCH] action=login username=teonhe2
[2025-12-31 19:46:29] [DISPATCH] action=create_project user_id=3 project_name=unknown
[2025-12-31 19:46:29] Client connected
[2025-12-31 19:46:29] Client connected
[2025-12-31 19:46:29] [login] Action: User: teonhe2 status=SUCCESS user_id=3 response=101
[2025-12-31 19:46:29] [create_project] user_id=3 project_id=161 project_name=Thread_Project_24_45d42c06
[2025-12-31 19:46:29] [DISPATCH] action=login username=teonhe2
[2025-12-31 19:46:29] [DISPATCH] action=create_project user_id=3 project_name=unknown
[2025-12-31 19:46:29] Client connected
[2025-12-31 19:46:29] Client connected
[2025-12-31 19:46:29] [login] Action: User: teonhe2 status=SUCCESS user_id=3 response=101
[2025-12-31 19:46:29] [create_project] user_id=3 project_id=162 project_name=Thread_Project_25_57888ce4
[2025-12-31 19:46:29] [DISPATCH] action=create_project user_id=3 project_name=unknown
[2025-12-31 19:46:29] [DISPATCH] action=login username=teonhe2
[2025-12-31 19:46:29] Client connected
[2025-12-31 19:46:29] Client connected
[2025-12-31 19:46:29] [create_project] user_id=3 project_id=163 project_name=Thread_Project_26_9f0a536a
[2025-12-31 19:46:29] [login] Action: User: teonhe2 status=SUCCESS user_id=3 response=101
[2025-12-31 19:46:29] [DISPATCH] action=login username=teonhe2
[2025-12-31 19:46:29] [DISPATCH] action=create_project user_id=3 project_name=unknown
[2025-12-31 19:46:29] Client connected
[2025-12-31 19:46:29] Client connected
[2025-12-31 19:46:29] [create_project] user_id=3 project_id=164 project_name=Thread_Project_27_13786a1f
[2025-12-31 19:46:29] [login] Action: User: teonhe2 status=SUCCESS user_id=3 response=101
[2025-12-31 19:46:29] [DISPATCH] action=create_project user_id=3 project_name=unknown
[2025-12-31 19:46:29] [DISPATCH] action=login username=teonhe2
[2025-12-31 19:46:29] Client connected
[2025-12-31 19:46:29] Client connected
[2025-12-31 19:46:29] [create_project] user_id=3 project_id=165 project_name=Thread_Project_28_7d34d51d
[2025-12-31 19:46:29] [login] Action: User: teonhe2 status=SUCCESS user_id=3 response=101
[2025-12-31 19:46:29] [DISPATCH] action=login username=teonhe2
[2025-12-31 19:46:29] [DISPATCH] action=create_project user_id=3 project_name=unknown
[2025-12-31 19:46:29] Client connected
[2025-12-31 19:46:29] Client connected
[2025-12-31 19:46:29] [login] Action: User: teonhe2 status=SUCCESS user_id=3 response=101
[2025-12-31 19:46:29] [create_project] user_id=3 project_id=166 project_name=Thread_Project_29_c06f21ef
[2025-12-31 19:46:29] [DISPATCH] action=create_project user_id=3 project_name=unknown
[2025-12-31 19:46:29] [DISPATCH] action=login username=teonhe2
[2025-12-31 19:46:29] Client connected
[2025-12-31 19:46:29] Client connected
[2025-12-31 19:46:29] [create_project] user_id=3 project_id=167 project_name=Thread_Project_30_b4b67857
[2025-12-31 19:46:29] [login] Action: User: teonhe2 status=SUCCESS user_id=3 response=101
[2025-12-31 19:46:29] [DISPATCH] action=login username=teonhe2
[2025-12-31 19:46:29] [DISPATCH] action=create_project user_id=3 project_name=unknown
[2025-12-31 19:46:29] Client connected
[2025-12-31 19:46:29] Client connected
[2025-12-31 19:46:29] [create_project] user_id=3 project_id=168 project_name=Thread_Project_31_4ab53514
[2025-12-31 19:46:29] [login] Action: User: teonhe2 status=SUCCESS user_id=3 response=101
[2025-12-31 19:46:29] [DISPATCH] action=login username=teonhe2
[2025-12-31 19:46:29] [DISPATCH] action=create_project user_id=3 project_name=unknown
[2025-12-31 19:46:29] Client connected
[2025-12-31 19:46:29] [login] Action: User: teonhe2 status=SUCCESS user_id=3 response=101
[2025-12-31 19:46:29] Client connected
[2025-12-31 19:46:29] [create_project] user_id=3 project_id=169 project_name=Thread_Project_32_1fd656e4
[2025-12-31 19:46:29] [DISPATCH] action=create_project user_id=3 project_name=unknown
[2025-12-31 19:46:29] [DISPATCH] action=login username=teonhe2
[2025-12-31 19:46:29] Client connected
[2025-12-31 19:46:29] [create_project] user_id=3 project_id=170 project_name=Thread_Project_33_288b4b42
[2025-12-31 19:46:29] Client connected
[2025-12-31 19:46:29] [login] Action: User: teonhe2 status=SUCCESS user_id=3 response=101
[2025-12-31 19:46:29] [DISPATCH] action=create_project user_id=3 project_name=unknown
[2025-12-31 19:46:29] [DISPATCH] action=login username=teonhe2
[2025-12-31 19:46:29] Client connected
[2025-12-31 19:46:29] [create_project] user_id=3 project_id=171 project_name=Thread_Project_34_c7e8c27d
[2025-12-31 19:46:29] [login] Action: User: teonhe2 status=SUCCESS user_id=3 response=101
[2025-12-31 19:46:29] Client connected
[2025-12-31 19:46:29] [DISPATCH] action=create_project user_id=3 project_name=unknown
[2025-12-31 19:46:29] [DISPATCH] action=login username=teonhe2
[2025-12-31 19:46:29] [create_project] user_id=3 project_id=172 project_name=Thread_Project_35_4f9def90
[2025-12-31 19:46:29] Client connected
[2025-12-31 19:46:29] [login] Action: User: teonhe2 status=SUCCESS user_id=3 response=101
[2025-12-31 19:46:29] Client connected
[2025-12-31 19:46:29] [DISPATCH] action=create_project user_id=3 project_name=unknown
[2025-12-31 19:46:29] [DISPATCH] action=login username=teonhe2
[2025-12-31 19:46:29] Client connected
[2025-12-31 19:46:29] [create_project] user_id=3 project_id=173 project_name=Thread_Project_36_b71f1675
[2025-12-31 19:46:29] [login] Action: User: teonhe2 status=SUCCESS user_id=3 response=101
[2025-12-31 19:46:29] Client connected
[2025-12-31 19:46:29] [DISPATCH] action=create_project user_id=3 project_name=unknown
[2025-12-31 19:46:29] [DISPATCH] action=login username=teonhe2
[2025-12-31 19:46:29] [create_project] user_id=3 project_id=174 project_name=Thread_Project_37_2f37752d
[2025-12-31 19:46:29] Client connected
[2025-12-31 19:46:29] [login] Action: User: teonhe2 status=SUCCESS user_id=3 response=101
[2025-12-31 19:46:29] Client connected
[2025-12-31 19:46:29] [DISPATCH] action=create_project user_id=3 project_name=unknown
[2025-12-31 19:46:29] [DISPATCH] action=login username=teonhe2
[2025-12-31 19:46:29] Client connected
[2025-12-31 19:46:29] Client connected
[2025-12-31 19:46:29] [create_project] user_id=3 project_id=175 project_name=Thread_Project_38_e733f73b
[2025-12-31 19:46:29] [login] Action: User: teonhe2 status=SUCCESS user_id=3 response=101
[2025-12-31 19:46:29] [DISPATCH] action=login username=teonhe2
[2025-12-31 19:46:29] Client connected
[2025-12-31 19:46:29] [DISPATCH] action=create_project user_id=3 project_name=unknown
[2025-12-31 19:46:29] [login] Action: User: teonhe2 status=SUCCESS user_id=3 response=101
[2025-12-31 19:46:29] Client connected
[2025-12-31 19:46:29] [create_project] user_id=3 project_id=176 project_name=Thread_Project_39_3fd95e63
[2025-12-31 19:46:30] [DISPATCH] action=create_project user_id=3 project_name=unknown
[2025-12-31 19:46:30] [DISPATCH] action=login username=teonhe2
[2025-12-31 19:46:30] [create_project] user_id=3 project_id=177 project_name=Thread_Project_40_7a2a2979
[2025-12-31 19:46:30] Client connected
[2025-12-31 19:46:30] Client connected
[2025-12-31 19:46:30] [login] Action: User: teonhe2 status=SUCCESS user_id=3 response=101
[2025-12-31 19:46:30] [DISPATCH] action=create_project user_id=3 project_name=unknown
[2025-12-31 19:46:30] [DISPATCH] action=login username=teonhe2
[2025-12-31 19:46:30] Client connected
[2025-12-31 19:46:30] Client connected
[2025-12-31 19:46:30] [create_project] user_id=3 project_id=178 project_name=Thread_Project_41_5b359dc4
[2025-12-31 19:46:30] [login] Action: User: teonhe2 status=SUCCESS user_id=3 response=101
[2025-12-31 19:46:30] [DISPATCH] action=create_project user_id=3 project_name=unknown
[2025-12-31 19:46:30] [DISPATCH] action=login username=teonhe2
[2025-12-31 19:46:30] Client connected
[2025-12-31 19:46:30] Client connected
[2025-12-31 19:46:30] [create_project] user_id=3 project_id=179 project_name=Thread_Project_42_da3b6508
[2025-12-31 19:46:30] [login] Action: User: teonhe2 status=SUCCESS user_id=3 response=101
[2025-12-31 19:46:30] [DISPATCH] action=login username=teonhe2
[2025-12-31 19:46:30] [DISPATCH] action=create_project user_id=3 project_name=unknown
[2025-12-31 19:46:30] Client connected
[2025-12-31 19:46:30] Client connected
[2025-12-31 19:46:30] [login] Action: User: teonhe2 status=SUCCESS user_id=3 response=101
[2025-12-31 19:46:30] [create_project] user_id=3 project_id=180 project_name=Thread_Project_43_f924f49c
[2025-12-31 19:46:30] [DISPATCH] action=create_project user_id=3 project_name=unknown
[2025-12-31 19:46:30] [DISPATCH] action=login username=teonhe2
[2025-12-31 19:46:30] Client connected
[2025-12-31 19:46:30] Client connected
[2025-12-31 19:46:30] [create_project] user_id=3 project_id=181 project_name=Thread_Project_44_572a80db
[2025-12-31 19:46:30] [login] Action: User: teonhe2 status=SUCCESS user_id=3 response=101
[2025-12-31 19:46:30] [DISPATCH] action=login username=teonhe2
[2025-12-31 19:46:30] [DISPATCH] action=create_project user_id=3 project_name=unknown
[2025-12-31 19:46:30] Client connected
[2025-12-31 19:46:30] Client connected
[2025-12-31 19:46:30] [login] Action: User: teonhe2 status=SUCCESS user_id=3 response=101
[2025-12-31 19:46:30] [create_project] user_id=3 project_id=182 project_name=Thread_Project_45_ea4c83da
[2025-12-31 19:46:30] [DISPATCH] action=login username=teonhe2
[2025-12-31 19:46:30] [DISPATCH] action=create_project user_id=3 project_name=unknown
[2025-12-31 19:46:30] Client connected
[2025-12-31 19:46:30] Client connected
[2025-12-31 19:46:30] [login] Action: User: teonhe2 status=SUCCESS user_id=3 response=101
[2025-12-31 19:46:30] [create_project] user_id=3 project_id=183 project_name=Thread_Project_46_45c65bcc
[2025-12-31 19:46:30] [DISPATCH] action=create_project user_id=3 project_name=unknown
[2025-12-31 19:46:30] [DISPATCH] action=login username=teonhe2
[2025-12-31 19:46:30] [create_project] user_id=3 project_id=184 project_name=Thread_Project_47_e77cc100
[2025-12-31 19:46:30] Client connected
[2025-12-31 19:46:30] Client connected
[2025-12-31 19:46:30] [login] Action: User: teonhe2 status=SUCCESS user_id=3 response=101
[2025-12-31 19:46:30] [DISPATCH] action=create_project user_id=3 project_name=unknown
[2025-12-31 19:46:30] [DISPATCH] action=login username=teonhe2
[2025-12-31 19:46:30] Client connected
[2025-12-31 19:46:30] Client connected
[2025-12-31 19:46:30] [create_project] user_id=3 project_id=185 project_name=Thread_Project_48_485e2c70
[2025-12-31 19:46:30] [login] Action: User: teonhe2 status=SUCCESS user_id=3 response=101
[2025-12-31 19:46:30] [DISPATCH] action=login username=teonhe2
[2025-12-31 19:46:30] [DISPATCH] action=create_project user_id=3 project_name=unknown
[2025-12-31 19:46:30] Client connected
[2025-12-31 19:46:30] Client connected
[2025-12-31 19:46:30] [login] Action: User: teonhe2 status=SUCCESS user_id=3 response=101
[2025-12-31 19:46:30] [create_project] user_id=3 project_id=186 project_name=Thread_Project_49_3faf86f4
[2025-12-31 19:46:30] [DISPATCH] action=create_project user_id=3 project_name=unknown
[2025-12-31 19:46:30] [DISPATCH] action=login username=teonhe2
[2025-12-31 19:46:30] Client connected
[2025-12-31 19:46:30] [create_project] user_id=3 project_id=187 project_name=Thread_Project_50_e0019360
[2025-12-31 19:46:30] Client connected
[2025-12-31 19:46:30] [login] Action: User: teonhe2 status=SUCCESS user_id=3 response=101
[2025-12-31 19:46:30] [DISPATCH] action=create_project user_id=3 project_name=unknown
[2025-12-31 19:46:30] [DISPATCH] action=login username=teonhe2
[2025-12-31 19:46:30] Client connected
[2025-12-31 19:46:30] Client connected
[2025-12-31 19:46:30] [create_project] user_id=3 project_id=188 project_name=Thread_Project_51_e6a7b58c
[2025-12-31 19:46:30] [login] Action: User: teonhe2 status=SUCCESS user_id=3 response=101
[2025-12-31 19:46:30] [DISPATCH] action=login username=teonhe2
[2025-12-31 19:46:30] [DISPATCH] action=create_project user_id=3 project_name=unknown
[2025-12-31 19:46:30] Client connected
[2025-12-31 19:46:30] [login] Action: User: teonhe2 status=SUCCESS user_id=3 response=101
[2025-12-31 19:46:30] Client connected
[2025-12-31 19:46:30] [create_project] user_id=3 project_id=189 project_name=Thread_Project_52_a9a4fe03
[2025-12-31 19:46:30] [DISPATCH] action=create_project user_id=3 project_name=unknown
[2025-12-31 19:46:30] [DISPATCH] action=login username=teonhe2
[2025-12-31 19:46:30] Client connected
[2025-12-31 19:46:30] Client connected
[2025-12-31 19:46:30] [create_project] user_id=3 project_id=190 project_name=Thread_Project_53_806f143c
[2025-12-31 19:46:30] [login] Action: User: teonhe2 status=SUCCESS user_id=3 response=101
[2025-12-31 19:46:30] [DISPATCH] action=login username=teonhe2
[2025-12-31 19:46:30] [DISPATCH] action=create_project user_id=3 project_name=unknown
[2025-12-31 19:46:30] Client connected
[2025-12-31 19:46:30] Client connected
[2025-12-31 19:46:30] [login] Action: User: teonhe2 status=SUCCESS user_id=3 response=101
[2025-12-31 19:46:30] [create_project] user_id=3 project_id=191 project_name=Thread_Project_54_8e27a0c5
[2025-12-31 19:46:30] [DISPATCH] action=login username=teonhe2
[2025-12-31 19:46:30] [DISPATCH] action=create_project user_id=3 project_name=unknown
[2025-12-31 19:46:30] Client connected
[2025-12-31 19:46:30] Client connected
[2025-12-31 19:46:30] [login] Action: User: teonhe2 status=SUCCESS user_id=3 response=101
[2025-12-31 19:46:30] [create_project] user_id=3 project_id=192 project_name=Thread_Project_55_7ffd84ba
[2025-12-31 19:46:30] [DISPATCH] action=login username=teonhe2
[2025-12-31 19:46:30] [DISPATCH] action=create_project user_id=3 project_name=unknown
[2025-12-31 19:46:30] Client connected
[2025-12-31 19:46:30] Client connected
[2025-12-31 19:46:30] [login] Action: User: teonhe2 status=SUCCESS user_id=3 response=101
[2025-12-31 19:46:30] [create_project] user_id=3 project_id=193 project_name=Thread_Project_56_efa83015
[2025-12-31 19:46:30] [DISPATCH] action=login username=teonhe2
[2025-12-31 19:46:30] [DISPATCH] action=create_project user_id=3 project_name=unknown
[2025-12-31 19:46:30] Client connected
[2025-12-31 19:46:30] Client connected
[2025-12-31 19:46:30] [login] Action: User: teonhe2 status=SUCCESS user_id=3 response=101
[2025-12-31 19:46:30] [create_project] user_id=3 project_id=194 project_name=Thread_Project_57_006d13db
[2025-12-31 19:46:30] [DISPATCH] action=create_project user_id=3 project_name=unknown
[2025-12-31 19:46:30] [DISPATCH] action=login username=teonhe2
[2025-12-31 19:46:30] Client connected
[2025-12-31 19:46:30] Client connected
[2025-12-31 19:46:30] [create_project] user_id=3 project_id=195 project_name=Thread_Project_58_6b1f7707
[2025-12-31 19:46:30] [login] Action: User: teonhe2 status=SUCCESS user_id=3 response=101
[2025-12-31 19:46:30] [DISPATCH] action=login username=teonhe2
[2025-12-31 19:46:30] [DISPATCH] action=create_project user_id=3 project_name=unknown
[2025-12-31 19:46:30] Client connected
[2025-12-31 19:46:30] Client connected
[2025-12-31 19:46:30] [login] Action: User: teonhe2 status=SUCCESS user_id=3 response=101
[2025-12-31 19:46:30] [create_project] user_id=3 project_id=196 project_name=Thread_Project_59_c44cb39f
[2025-12-31 19:46:31] [DISPATCH] action=create_project user_id=3 project_name=unknown
[2025-12-31 19:46:31] [DISPATCH] action=login username=teonhe2
[2025-12-31 19:46:31] Client connected
[2025-12-31 19:46:31] [create_project] user_id=3 project_id=197 project_name=Thread_Project_60_cffec621
[2025-12-31 19:46:31] Client connected
[2025-12-31 19:46:31] [login] Action: User: teonhe2 status=SUCCESS user_id=3 response=101
[2025-12-31 19:46:31] [DISPATCH] action=login username=teonhe2
[2025-12-31 19:46:31] [DISPATCH] action=create_project user_id=3 project_name=unknown
[2025-12-31 19:46:31] Client connected
[2025-12-31 19:46:31] Client connected
[2025-12-31 19:46:31] [create_project] user_id=3 project_id=198 project_name=Thread_Project_61_b581a6b5
[2025-12-31 19:46:31] [login] Action: User: teonhe2 status=SUCCESS user_id=3 response=101
[2025-12-31 19:46:31] [DISPATCH] action=login username=teonhe2
[2025-12-31 19:46:31] [DISPATCH] action=create_project user_id=3 project_name=unknown
[2025-12-31 19:46:31] Client connected
[2025-12-31 19:46:31] Client connected
[2025-12-31 19:46:31] [login] Action: User: teonhe2 status=SUCCESS user_id=3 response=101
[2025-12-31 19:46:31] [create_project] user_id=3 project_id=199 project_name=Thread_Project_62_7b450137
[2025-12-31 19:46:31] [DISPATCH] action=login username=teonhe2
[2025-12-31 19:46:31] [DISPATCH] action=create_project user_id=3 project_name=unknown
[2025-12-31 19:46:31] Client connected
[2025-12-31 19:46:31] Client connected
[2025-12-31 19:46:31] [login] Action: User: teonhe2 status=SUCCESS user_id=3 response=101
[2025-12-31 19:46:31] [create_project] user_id=3 project_id=200 project_name=Thread_Project_63_aa41bedd
[2025-12-31 19:46:31] [DISPATCH] action=create_project user_id=3 project_name=unknown
[2025-12-31 19:46:31] [DISPATCH] action=login username=teonhe2
[2025-12-31 19:46:31] [create_project] user_id=3 project_id=201 project_name=Thread_Project_64_bfd1b469
[2025-12-31 19:46:31] Client connected
[2025-12-31 19:46:31] Client connected
[2025-12-31 19:46:31] [login] Action: User: teonhe2 status=SUCCESS user_id=3 response=101
[2025-12-31 19:46:31] [DISPATCH] action=login username=teonhe2
[2025-12-31 19:46:31] [DISPATCH] action=create_project user_id=3 project_name=unknown
[2025-12-31 19:46:31] Client connected
[2025-12-31 19:46:31] Client connected
[2025-12-31 19:46:31] [login] Action: User: teonhe2 status=SUCCESS user_id=3 response=101
[2025-12-31 19:46:31] [create_project] user_id=3 project_id=202 project_name=Thread_Project_65_4ec0c2a3
[2025-12-31 19:46:31] [DISPATCH] action=login username=teonhe2
[2025-12-31 19:46:31] Client connected
[2025-12-31 19:46:31] [DISPATCH] action=create_project user_id=3 project_name=unknown
[2025-12-31 19:46:31] Client connected
[2025-12-31 19:46:31] [login] Action: User: teonhe2 status=SUCCESS user_id=3 response=101
[2025-12-31 19:46:31] [create_project] user_id=3 project_id=203 project_name=Thread_Project_66_201ef5f1
[2025-12-31 19:46:31] Client connected
[2025-12-31 19:46:31] [DISPATCH] action=login username=teonhe2
[2025-12-31 19:46:31] [DISPATCH] action=create_project user_id=3 project_name=unknown
[2025-12-31 19:46:31] Client connected
[2025-12-31 19:46:31] [login] Action: User: teonhe2 status=SUCCESS user_id=3 response=101
[2025-12-31 19:46:31] [create_project] user_id=3 project_id=204 project_name=Thread_Project_67_1b140bb5
[2025-12-31 19:46:31] [DISPATCH] action=login username=teonhe2
[2025-12-31 19:46:31] Client connected
[2025-12-31 19:46:31] Client connected
[2025-12-31 19:46:31] [login] Action: User: teonhe2 status=SUCCESS user_id=3 response=101
[2025-12-31 19:46:31] [DISPATCH] action=create_project user_id=3 project_name=unknown
[2025-12-31 19:46:31] [create_project] user_id=3 project_id=205 project_name=Thread_Project_68_e56b0b55
[2025-12-31 19:46:31] Client connected
[2025-12-31 19:46:31] [DISPATCH] action=login username=teonhe2
[2025-12-31 19:46:31] [DISPATCH] action=create_project user_id=3 project_name=unknown
[2025-12-31 19:46:31] Client connected
[2025-12-31 19:46:31] [login] Action: User: teonhe2 status=SUCCESS user_id=3 response=101
[2025-12-31 19:46:31] [create_project] user_id=3 project_id=206 project_name=Thread_Project_69_97297c12
[2025-12-31 19:46:31] [DISPATCH] action=login username=teonhe2
[2025-12-31 19:46:31] Client connected
[2025-12-31 19:46:31] [DISPATCH] action=create_project user_id=3 project_name=unknown
[2025-12-31 19:46:31] Client connected
[2025-12-31 19:46:31] [login] Action: User: teonhe2 status=SUCCESS user_id=3 response=101
[2025-12-31 19:46:31] [create_project] user_id=3 project_id=207 project_name=Thread_Project_70_f57f060c
[2025-12-31 19:46:31] [DISPATCH] action=create_project user_id=3 project_name=unknown
[2025-12-31 19:46:31] [DISPATCH] action=login username=teonhe2
[2025-12-31 19:46:31] Client connected
[2025-12-31 19:46:31] Client connected
[2025-12-31 19:46:31] [create_project] user_id=3 project_id=208 project_name=Thread_Project_71_10eef830
[2025-12-31 19:46:31] [login] Action: User: teonhe2 status=SUCCESS user_id=3 response=101
[2025-12-31 19:46:31] [DISPATCH] action=login username=teonhe2
[2025-12-31 19:46:31] Client connected
[2025-12-31 19:46:31] [login] Action: User: teonhe2 status=SUCCESS user_id=3 response=101
[2025-12-31 19:46:31] [DISPATCH] action=create_project user_id=3 project_name=unknown
[2025-12-31 19:46:31] Client connected
[2025-12-31 19:46:31] [create_project] user_id=3 project_id=209 project_name=Thread_Project_72_488d8ca0
[2025-12-31 19:46:31] [DISPATCH] action=create_project user_id=3 project_name=unknown
[2025-12-31 19:46:31] [DISPATCH] action=login username=teonhe2
[2025-12-31 19:46:31] Client connected
[2025-12-31 19:46:31] Client connected
[2025-12-31 19:46:31] [create_project] user_id=3 project_id=210 project_name=Thread_Project_73_2bc655f1
[2025-12-31 19:46:31] [login] Action: User: teonhe2 status=SUCCESS user_id=3 response=101
[2025-12-31 19:46:31] [DISPATCH] action=login username=teonhe2
[2025-12-31 19:46:31] [DISPATCH] action=create_project user_id=3 project_name=unknown
[2025-12-31 19:46:31] Client connected
[2025-12-31 19:46:31] Client connected
[2025-12-31 19:46:31] [login] Action: User: teonhe2 status=SUCCESS user_id=3 response=101
[2025-12-31 19:46:31] [create_project] user_id=3 project_id=211 project_name=Thread_Project_74_3c76e9c5
[2025-12-31 19:46:31] [DISPATCH] action=login username=teonhe2
[2025-12-31 19:46:31] [DISPATCH] action=create_project user_id=3 project_name=unknown
[2025-12-31 19:46:31] Client connected
[2025-12-31 19:46:31] Client connected
[2025-12-31 19:46:31] [login] Action: User: teonhe2 status=SUCCESS user_id=3 response=101
[2025-12-31 19:46:31] [create_project] user_id=3 project_id=212 project_name=Thread_Project_75_f0e58d47
[2025-12-31 19:46:31] [DISPATCH] action=login username=teonhe2
[2025-12-31 19:46:31] Client connected
[2025-12-31 19:46:31] [DISPATCH] action=create_project user_id=3 project_name=unknown
[2025-12-31 19:46:31] [login] Action: User: teonhe2 status=SUCCESS user_id=3 response=101
[2025-12-31 19:46:31] Client connected
[2025-12-31 19:46:31] [create_project] user_id=3 project_id=213 project_name=Thread_Project_76_ccc1741d
[2025-12-31 19:46:31] [DISPATCH] action=create_project user_id=3 project_name=unknown
[2025-12-31 19:46:31] [DISPATCH] action=login username=teonhe2
[2025-12-31 19:46:31] [create_project] user_id=3 project_id=214 project_name=Thread_Project_77_41d5d47e
[2025-12-31 19:46:31] Client connected
[2025-12-31 19:46:31] Client connected
[2025-12-31 19:46:31] [login] Action: User: teonhe2 status=SUCCESS user_id=3 response=101
[2025-12-31 19:46:31] [DISPATCH] action=login username=teonhe2
[2025-12-31 19:46:31] [DISPATCH] action=create_project user_id=3 project_name=unknown
[2025-12-31 19:46:31] Client connected
[2025-12-31 19:46:31] Client connected
[2025-12-31 19:46:31] [login] Action: User: teonhe2 status=SUCCESS user_id=3 response=101
[2025-12-31 19:46:31] [create_project] user_id=3 project_id=215 project_name=Thread_Project_78_6b0863ae
[2025-12-31 19:46:31] [DISPATCH] action=login username=teonhe2
[2025-12-31 19:46:31] [DISPATCH] action=create_project user_id=3 project_name=unknown
[2025-12-31 19:46:31] Client connected
[2025-12-31 19:46:31] Client connected
[2025-12-31 19:46:31] [login] Action: User: teonhe2 status=SUCCESS user_id=3 response=101
[2025-12-31 19:46:31] [create_project] user_id=3 project_id=216 project_name=Thread_Project_79_bbbac52b
[2025-12-31 19:46:32] [DISPATCH] action=login username=teonhe2
[2025-12-31 19:46:32] [DISPATCH] action=create_project user_id=3 project_name=unknown
[2025-12-31 19:46:32] Client connected
[2025-12-31 19:46:32] Client connected
[2025-12-31 19:46:32] [login] Action: User: teonhe2 status=SUCCESS user_id=3 response=101
[2025-12-31 19:46:32] [create_project] user_id=3 project_id=217 project_name=Thread_Project_80_a4fd598f
[2025-12-31 19:46:32] Client connected
[2025-12-31 19:46:32] [DISPATCH] action=login username=teonhe2
[2025-12-31 19:46:32] [DISPATCH] action=create_project user_id=3 project_name=unknown
[2025-12-31 19:46:32] Client connected
[2025-12-31 19:46:32] [login] Action: User: teonhe2 status=SUCCESS user_id=3 response=101
[2025-12-31 19:46:32] [create_project] user_id=3 project_id=218 project_name=Thread_Project_81_374f9183
[2025-12-31 19:46:32] [DISPATCH] action=login username=teonhe2
[2025-12-31 19:46:32] Client connected
[2025-12-31 19:46:32] Client connected
[2025-12-31 19:46:32] [DISPATCH] action=create_project user_id=3 project_name=unknown
[2025-12-31 19:46:32] [login] Action: User: teonhe2 status=SUCCESS user_id=3 response=101
[2025-12-31 19:46:32] [create_project] user_id=3 project_id=219 project_name=Thread_Project_82_99853b54
[2025-12-31 19:46:32] [DISPATCH] action=login username=teonhe2
[2025-12-31 19:46:32] [DISPATCH] action=create_project user_id=3 project_name=unknown
[2025-12-31 19:46:32] Client connected
[2025-12-31 19:46:32] Client connected
[2025-12-31 19:46:32] [login] Action: User: teonhe2 status=SUCCESS user_id=3 response=101
[2025-12-31 19:46:32] [create_project] user_id=3 project_id=220 project_name=Thread_Project_83_4d421a8d
[2025-12-31 19:46:32] [DISPATCH] action=create_project user_id=3 project_name=unknown
[2025-12-31 19:46:32] [DISPATCH] action=login username=teonhe2
[2025-12-31 19:46:32] Client connected
[2025-12-31 19:46:32] Client connected
[2025-12-31 19:46:32] [create_project] user_id=3 project_id=221 project_name=Thread_Project_84_b6c45a42
[2025-12-31 19:46:32] [login] Action: User: teonhe2 status=SUCCESS user_id=3 response=101
[2025-12-31 19:46:32] [DISPATCH] action=login username=teonhe2
[2025-12-31 19:46:32] Client connected
[2025-12-31 19:46:32] [DISPATCH] action=create_project user_id=3 project_name=unknown
[2025-12-31 19:46:32] Client connected
[2025-12-31 19:46:32] [login] Action: User: teonhe2 status=SUCCESS user_id=3 response=101
[2025-12-31 19:46:32] [create_project] user_id=3 project_id=222 project_name=Thread_Project_85_c0a6ac09
[2025-12-31 19:46:32] [DISPATCH] action=login username=teonhe2
[2025-12-31 19:46:32] [DISPATCH] action=create_project user_id=3 project_name=unknown
[2025-12-31 19:46:32] Client connected
[2025-12-31 19:46:32] Client connected
[2025-12-31 19:46:32] [login] Action: User: teonhe2 status=SUCCESS user_id=3 response=101
[2025-12-31 19:46:32] [create_project] user_id=3 project_id=223 project_name=Thread_Project_86_f5b9ce9b
[2025-12-31 19:46:32] [DISPATCH] action=create_project user_id=3 project_name=unknown
[2025-12-31 19:46:32] [DISPATCH] action=login username=teonhe2
[2025-12-31 19:46:32] Client connected
[2025-12-31 19:46:32] Client connected
[2025-12-31 19:46:32] [login] Action: User: teonhe2 status=SUCCESS user_id=3 response=101
[2025-12-31 19:46:32] [create_project] user_id=3 project_id=224 project_name=Thread_Project_87_b58b2df4
[2025-12-31 19:46:32] [DISPATCH] action=login username=teonhe2
[2025-12-31 19:46:32] [DISPATCH] action=create_project user_id=3 project_name=unknown
[2025-12-31 19:46:32] Client connected
[2025-12-31 19:46:32] Client connected
[2025-12-31 19:46:32] [login] Action: User: teonhe2 status=SUCCESS user_id=3 response=101
[2025-12-31 19:46:32] [create_project] user_id=3 project_id=225 project_name=Thread_Project_88_a9ed8db1
[2025-12-31 19:46:32] [DISPATCH] action=create_project user_id=3 project_name=unknown
[2025-12-31 19:46:32] [DISPATCH] action=login username=teonhe2
[2025-12-31 19:46:32] Client connected
[2025-12-31 19:46:32] Client connected
[2025-12-31 19:46:32] [create_project] user_id=3 project_id=226 project_name=Thread_Project_89_9acffcf3
[2025-12-31 19:46:32] [login] Action: User: teonhe2 status=SUCCESS user_id=3 response=101
[2025-12-31 19:46:32] [DISPATCH] action=login username=teonhe2
[2025-12-31 19:46:32] Client connected
[2025-12-31 19:46:32] Client connected
[2025-12-31 19:46:32] [DISPATCH] action=create_project user_id=3 project_name=unknown
[2025-12-31 19:46:32] [login] Action: User: teonhe2 status=SUCCESS user_id=3 response=101
[2025-12-31 19:46:32] [create_project] user_id=3 project_id=227 project_name=Thread_Project_90_cef057a6
[2025-12-31 19:46:32] [DISPATCH] action=login username=teonhe2
[2025-12-31 19:46:32] Client connected
[2025-12-31 19:46:32] [DISPATCH] action=create_project user_id=3 project_name=unknown
[2025-12-31 19:46:32] Client connected
[2025-12-31 19:46:32] [login] Action: User: teonhe2 status=SUCCESS user_id=3 response=101
[2025-12-31 19:46:32] [create_project] user_id=3 project_id=228 project_name=Thread_Project_91_49edb136
[2025-12-31 19:46:32] [DISPATCH] action=login username=teonhe2
[2025-12-31 19:46:32] [DISPATCH] action=create_project user_id=3 project_name=unknown
[2025-12-31 19:46:32] Client connected
[2025-12-31 19:46:32] Client connected
[2025-12-31 19:46:32] [login] Action: User: teonhe2 status=SUCCESS user_id=3 response=101
[2025-12-31 19:46:32] [create_project] user_id=3 project_id=229 project_name=Thread_Project_92_c333bbc3
[2025-12-31 19:46:32] [DISPATCH] action=login username=teonhe2
[2025-12-31 19:46:32] [DISPATCH] action=create_project user_id=3 project_name=unknown
[2025-12-31 19:46:32] Client connected
[2025-12-31 19:46:32] Client connected
[2025-12-31 19:46:32] [login] Action: User: teonhe2 status=SUCCESS user_id=3 response=101
[2025-12-31 19:46:32] [create_project] user_id=3 project_id=230 project_name=Thread_Project_93_5b49890d
[2025-12-31 19:46:32] [DISPATCH] action=login username=teonhe2
[2025-12-31 19:46:32] [DISPATCH] action=create_project user_id=3 project_name=unknown
[2025-12-31 19:46:32] Client connected
[2025-12-31 19:46:32] Client connected
[2025-12-31 19:46:32] [login] Action: User: teonhe2 status=SUCCESS user_id=3 response=101
[2025-12-31 19:46:32] [create_project] user_id=3 project_id=231 project_name=Thread_Project_94_255d9811
[2025-12-31 19:46:32] [DISPATCH] action=create_project user_id=3 project_name=unknown
[2025-12-31 19:46:32] [DISPATCH] action=login username=teonhe2
[2025-12-31 19:46:32] Client connected
[2025-12-31 19:46:32] Client connected
[2025-12-31 19:46:32] [create_project] user_id=3 project_id=232 project_name=Thread_Project_95_2f61df9f
[2025-12-31 19:46:32] [login] Action: User: teonhe2 status=SUCCESS user_id=3 response=101
[2025-12-31 19:46:32] [DISPATCH] action=login username=teonhe2
[2025-12-31 19:46:32] Client connected
[2025-12-31 19:46:32] [DISPATCH] action=create_project user_id=3 project_name=unknown
[2025-12-31 19:46:32] [login] Action: User: teonhe2 status=SUCCESS user_id=3 response=101
[2025-12-31 19:46:32] Client connected
[2025-12-31 19:46:32] [create_project] user_id=3 project_id=233 project_name=Thread_Project_96_1e078c7c
[2025-12-31 19:46:32] [DISPATCH] action=create_project user_id=3 project_name=unknown
[2025-12-31 19:46:32] [DISPATCH] action=login username=teonhe2
[2025-12-31 19:46:32] [create_project] user_id=3 project_id=234 project_name=Thread_Project_97_74876f69
[2025-12-31 19:46:32] Client connected
[2025-12-31 19:46:32] Client connected
[2025-12-31 19:46:32] [login] Action: User: teonhe2 status=SUCCESS user_id=3 response=101
[2025-12-31 19:46:32] [DISPATCH] action=create_project user_id=3 project_name=unknown
[2025-12-31 19:46:32] [DISPATCH] action=login username=teonhe2
[2025-12-31 19:46:32] Client connected
[2025-12-31 19:46:32] [create_project] user_id=3 project_id=235 project_name=Thread_Project_98_4675024f
[2025-12-31 19:46:32] [login] Action: User: teonhe2 status=SUCCESS user_id=3 response=101
[2025-12-31 19:46:32] [DISPATCH] action=create_project user_id=3 project_name=unknown
[2025-12-31 19:46:32] [create_project] user_id=3 project_id=236 project_name=Thread_Project_99_b94c0f70
[2025-12-31 19:49:41] Client connected
[2025-12-31 19:49:41] [DISPATCH] action=register username=hoductu
[2025-12-31 19:49:41] [register] Action: User: hoductu status=SUCCESS response=102
[2025-12-31 19:49:43] Client connected
[2025-12-31 19:49:43] [DISPATCH] action=login username=hoductu
[2025-12-31 19:49:43] [login] Action: User: hoductu status=SUCCESS user_id=5 response=101
[2025-12-31 19:49:46] Client connected
[2025-12-31 19:49:46] [DISPATCH] action=list_projects user_id=5 username=hoductu
[2025-12-31 19:49:57] Client connected
[2025-12-31 19:49:57] [DISPATCH] action=login username=teonhe2
[2025-12-31 19:49:57] [login] Action: User: teonhe2 status=SUCCESS user_id=3 response=101
[2025-12-31 19:49:59] Client connected
[2025-12-31 19:49:59] [DISPATCH] action=list_projects user_id=3 username=teonhe2
[2025-12-31 19:50:27] Client connected
[2025-12-31 19:50:27] [DISPATCH] action=create_project user_id=5 project_name=Minh Duc so pro1
[2025-12-31 19:52:24] Client connected
[2025-12-31 19:52:24] [DISPATCH] action=create_project user_id=5 project_name=Minh Duc so pro1
[2025-12-31 19:52:24] Client connected
[2025-12-31 19:52:24] [DISPATCH] action=create_project user_id=5 project_name=Minh Duc so pro1
[2025-12-31 19:52:25] Client connected
[2025-12-31 19:52:25] [DISPATCH] action=create_project user_id=5 project_name=Minh Duc so pro1
[2025-12-31 19:52:41] Client connected
[2025-12-31 19:52:41] [DISPATCH] action=create_project user_id=5 project_name=unknown
[2025-12-31 19:52:41] [create_project] user_id=5 project_id=237 project_name=Minh Duc so pro1
[2025-12-31 19:52:41] Client connected
[2025-12-31 19:52:41] [DISPATCH] action=list_projects user_id=5 username=hoductu
[2025-12-31 19:52:44] Client connected
[2025-12-31 19:52:44] [DISPATCH] action=list_tasks user_id=5 project_id=237
[2025-12-31 19:52:59] Client connected
[2025-12-31 19:52:59] [DISPATCH] action=list_tasks user_id=5 project_id=237
[2025-12-31 20:03:54] Client connected
[2025-12-31 20:03:54] [DISPATCH] action=login username=hoductu
[2025-12-31 20:03:54] [login] Action: User: hoductu status=SUCCESS user_id=5 response=101
[2025-12-31 20:03:58] Client connected
[2025-12-31 20:03:58] [DISPATCH] action=list_projects user_id=5 username=hoductu
[2025-12-31 20:03:59] Client connected
[2025-12-31 20:03:59] [DISPATCH] action=list_tasks user_id=5 project_id=237
[2025-12-31 20:03:59] Client connected
[2025-12-31 20:03:59] [DISPATCH] action=list_members user_id=5 project_id=237
[2025-12-31 20:06:30] Client connected
[2025-12-31 20:06:30] [DISPATCH] action=login username=hoductu
[2025-12-31 20:06:30] [login] Action: User: hoductu status=SUCCESS user_id=5 response=101
[2025-12-31 20:06:32] Client connected
[2025-12-31 20:06:32] [DISPATCH] action=list_projects user_id=5 username=hoductu
[2025-12-31 20:06:32] Client connected
[2025-12-31 20:06:32] [DISPATCH] action=list_tasks user_id=5 project_id=237
[2025-12-31 20:06:32] Client connected
[2025-12-31 20:06:32] [DISPATCH] action=list_members user_id=5 project_id=237
[2025-12-31 20:06:41] Client connected
[2025-12-31 20:06:41] [DISPATCH] action=create_task user_id=5 project_id=237 task_name=test
[2025-12-31 20:06:41] [create_task] user_id=5 project_id=237 task_id=1 task_name=test
[2025-12-31 20:06:42] Client connected
[2025-12-31 20:06:42] [DISPATCH] action=list_tasks user_id=5 project_id=237
[2025-12-31 20:10:33] Client connected
[2025-12-31 20:10:33] [DISPATCH] action=login username=hoductu
[2025-12-31 20:10:33] [login] Action: User: hoductu status=SUCCESS user_id=5 response=101
[2025-12-31 20:10:34] Client connected
[2025-12-31 20:10:35] [DISPATCH] action=list_projects user_id=5 username=hoductu
[2025-12-31 20:10:35] Client connected
[2025-12-31 20:10:35] [DISPATCH] action=list_tasks user_id=5 project_id=237
[2025-12-31 20:10:45] Client connected
[2025-12-31 20:10:45] [DISPATCH] action=create_task user_id=5 project_id=237 task_name=tester2
[2025-12-31 20:10:45] [create_task] user_id=5 project_id=237 task_id=2 task_name=tester2
[2025-12-31 20:10:45] Client connected
[2025-12-31 20:10:46] [DISPATCH] action=list_tasks user_id=5 project_id=237
[2025-12-31 20:10:48] Client connected
[2025-12-31 20:10:48] [DISPATCH] action=get_task_detail user_id=5 task_id=1
[2025-12-31 20:10:48] [get_task_detail] user_id=5 task_id=1 comments_count=0
[2025-12-31 20:10:56] Client connected
[2025-12-31 20:10:56] [DISPATCH] action=assign_task user_id=5 task_id=1 assigned_to_user=-1
[2025-12-31 20:10:56] Client connected
[2025-12-31 20:10:56] [DISPATCH] action=list_tasks user_id=5 project_id=237
[2025-12-31 20:11:15] Client connected
[2025-12-31 20:11:15] [DISPATCH] action=assign_task user_id=5 task_id=1 assigned_to_user=-1
[2025-12-31 20:11:34] Client connected
[2025-12-31 20:11:34] [DISPATCH] action=add_member user_id=5 new_member=teonhe2 role=MEMBER
[2025-12-31 20:11:34] [add_member] user_id=5 project_id=237 new_member=teonhe2 role=MEMBER
[2025-12-31 20:11:34] Client connected
[2025-12-31 20:11:34] [DISPATCH] action=list_members user_id=5 project_id=237
[2025-12-31 20:11:41] Client connected
[2025-12-31 20:11:41] [DISPATCH] action=assign_task user_id=5 task_id=1 assigned_to_user=-1
[2025-12-31 20:11:56] Client connected
[2025-12-31 20:11:56] [DISPATCH] action=assign_task user_id=5 task_id=1 assigned_to_user=-1
[2025-12-31 20:12:02] Client connected
[2025-12-31 20:12:02] [DISPATCH] action=assign_task user_id=5 task_id=1 assigned_to_user=-1
[2025-12-31 20:12:05] Client connected
[2025-12-31 20:12:05] [DISPATCH] action=get_task_detail user_id=5 task_id=1
[2025-12-31 20:12:05] [get_task_detail] user_id=5 task_id=1 comments_count=0
[2025-12-31 20:12:07] Client connected
[2025-12-31 20:12:07] [DISPATCH] action=get_task_detail user_id=5 task_id=2
[2025-12-31 20:12:08] [get_task_detail] user_id=5 task_id=2 comments_count=0
[2025-12-31 20:12:14] Client connected
[2025-12-31 20:12:14] [DISPATCH] action=assign_task user_id=5 task_id=2 assigned_to_user=-1
[2025-12-31 20:12:14] Client connected
[2025-12-31 20:12:14] [DISPATCH] action=list_tasks user_id=5 project_id=237
[2025-12-31 20:13:22] Client connected
[2025-12-31 20:13:22] [DISPATCH] action=create_task user_id=5 project_id=237 task_name=test3
[2025-12-31 20:13:22] [create_task] user_id=5 project_id=237 task_id=3 task_name=test3
[2025-12-31 20:13:22] Client connected
[2025-12-31 20:13:22] [DISPATCH] action=list_tasks user_id=5 project_id=237
[2025-12-31 20:13:28] Client connected
[2025-12-31 20:13:28] [DISPATCH] action=get_task_detail user_id=5 task_id=3
[2025-12-31 20:13:28] [get_task_detail] user_id=5 task_id=3 comments_count=0
[2025-12-31 20:13:45] Client connected
[2025-12-31 20:13:45] [DISPATCH] action=add_member user_id=5 new_member=teonhe role=MEMBER
[2025-12-31 20:13:45] [add_member] user_id=5 project_id=237 new_member=teonhe role=MEMBER
[2025-12-31 20:13:45] Client connected
[2025-12-31 20:13:45] [DISPATCH] action=list_members user_id=5 project_id=237
[2025-12-31 20:14:02] Client connected
[2025-12-31 20:14:02] [DISPATCH] action=assign_task user_id=5 task_id=3 assigned_to_user=-1
[2025-12-31 20:14:02] Client connected
[2025-12-31 20:14:03] [DISPATCH] action=list_tasks user_id=5 project_id=237
[2025-12-31 20:14:33] Client connected
[2025-12-31 20:14:33] [DISPATCH] action=login username=teonhe2
[2025-12-31 20:14:33] [login] Action: User: teonhe2 status=SUCCESS user_id=3 response=101
[2025-12-31 20:14:35] Client connected
[2025-12-31 20:14:35] [DISPATCH] action=list_projects user_id=3 username=teonhe2
[2025-12-31 20:14:38] Client connected
[2025-12-31 20:14:38] [DISPATCH] action=search_project user_id=3 search_term=
[2025-12-31 20:14:39] Client connected
[2025-12-31 20:14:39] [DISPATCH] action=list_tasks user_id=3 project_id=237
[2025-12-31 20:14:53] Client connected
[2025-12-31 20:14:53] [DISPATCH] action=create_task user_id=3 project_id=237 task_name=tao task moi
[2025-12-31 20:14:53] [create_task] user_id=3 project_id=237 task_id=4 task_name=tao task moi
[2025-12-31 20:14:53] Client connected
[2025-12-31 20:14:53] [DISPATCH] action=list_tasks user_id=3 project_id=237
[2025-12-31 20:15:35] Client connected
[2025-12-31 20:15:35] [DISPATCH] action=get_task_detail user_id=3 task_id=4
[2025-12-31 20:15:35] [get_task_detail] user_id=3 task_id=4 comments_count=0
[2025-12-31 20:15:40] Client connected
[2025-12-31 20:15:40] [DISPATCH] action=assign_task user_id=3 task_id=4 assigned_to_user=-1
[2025-12-31 20:16:06] Client connected
[2025-12-31 20:16:06] [DISPATCH] action=list_members user_id=3 project_id=237
[2025-12-31 20:16:20] Client connected
[2025-12-31 20:16:20] [DISPATCH] action=get_task_detail user_id=3 task_id=2
[2025-12-31 20:16:20] [get_task_detail] user_id=3 task_id=2 comments_count=0
[2025-12-31 20:16:28] Client connected
[2025-12-31 20:16:28] [DISPATCH] action=comment_task user_id=3 task_id=2
[2025-12-31 20:16:43] Client connected
[2025-12-31 20:16:43] [DISPATCH] action=login username=teonhe2
[2025-12-31 20:16:43] [login] Action: User: teonhe2 status=SUCCESS user_id=3 response=101
[2025-12-31 20:16:46] Client connected
[2025-12-31 20:16:46] [DISPATCH] action=list_projects user_id=3 username=teonhe2
[2025-12-31 20:16:52] Client connected
[2025-12-31 20:16:52] [DISPATCH] action=search_project user_id=3 search_term=
[2025-12-31 20:16:53] Client connected
[2025-12-31 20:16:53] [DISPATCH] action=list_tasks user_id=3 project_id=237
[2025-12-31 20:16:59] Client connected
[2025-12-31 20:16:59] [DISPATCH] action=get_task_detail user_id=3 task_id=2
[2025-12-31 20:16:59] [get_task_detail] user_id=3 task_id=2 comments_count=1
[2025-12-31 20:17:13] Client connected
[2025-12-31 20:17:13] [DISPATCH] action=get_task_detail user_id=5 task_id=2
[2025-12-31 20:17:13] [get_task_detail] user_id=5 task_id=2 comments_count=1
[2025-12-31 20:17:19] Client connected
[2025-12-31 20:17:19] [DISPATCH] action=comment_task user_id=5 task_id=2
[2025-12-31 20:17:22] Client connected
[2025-12-31 20:17:22] [DISPATCH] action=list_tasks user_id=5 project_id=237
[2025-12-31 20:17:32] Client connected
[2025-12-31 20:17:32] [DISPATCH] action=get_task_detail user_id=5 task_id=2
[2025-12-31 20:17:32] [get_task_detail] user_id=5 task_id=2 comments_count=2
[2025-12-31 20:18:20] Client connected
[2025-12-31 20:18:20] [DISPATCH] action=get_task_detail user_id=5 task_id=4
[2025-12-31 20:18:20] [get_task_detail] user_id=5 task_id=4 comments_count=0
[2025-12-31 20:18:26] Client connected
[2025-12-31 20:18:26] [DISPATCH] action=assign_task user_id=5 task_id=4 assigned_to_user=-1
[2025-12-31 20:18:26] Client connected
[2025-12-31 20:18:26] [DISPATCH] action=list_tasks user_id=5 project_id=237
[2026-01-11 19:46:09] Server start on port 8080
[2026-01-11 19:46:42] Client connected
[2026-01-11 19:46:42] [DISPATCH] action=login username=teonhe2
[2026-01-11 19:46:42] [login] Action: User: teonhe2 status=SUCCESS user_id=3 response=101
[2026-01-11 19:50:28] Client connected
[2026-01-11 19:50:28] [DISPATCH] action=register username=minhduc1
[2026-01-11 19:50:28] [register] Action: User: minhduc1 status=SUCCESS response=102
[2026-01-11 19:53:41] Client connected
[2026-01-11 19:53:41] [DISPATCH] action=login username=unknown
[2026-01-11 19:53:41] [login] Action: User: null status=FAILED response=131
[2026-01-11 19:54:22] Client connected
[2026-01-11 19:54:22] [DISPATCH] action=login username=unknown
[2026-01-11 19:54:22] [login] Action: User: null status=FAILED response=131
[2026-01-11 19:55:28] Client connected
[2026-01-11 20:02:22] Server start on port 8080
[2026-01-11 20:02:34] Client connected
[2026-01-11 20:02:34] [DISPATCH] action=register username=minhduc1
[2026-01-11 20:02:34] [register] Action: User: minhduc1 status=FAILED response=162
[2026-01-11 20:02:56] Client connected
[2026-01-11 20:02:56] [DISPATCH] action=login username=minhduc1
[2026-01-11 20:02:56] [login] Action: User: minhduc1 status=SUCCESS user_id=6 response=101
[2026-01-11 20:06:06] Client connected
[2026-01-11 20:06:06] [DISPATCH] action=login username=minhduc1
[2026-01-11 20:06:06] [login] Action: User: minhduc1 status=SUCCESS user_id=6 response=101
[2026-01-11 20:06:46] Client connected
[2026-01-11 20:06:46] [DISPATCH] action=register username=minhduc1
[2026-01-11 20:06:46] [register] Action: User: minhduc1 status=FAILED response=162
[2026-01-11 20:08:09] Client connected
[2026-01-11 20:08:09] [DISPATCH] action=register username=minhduc2
[2026-01-11 20:08:09] [register] Action: User: minhduc2 status=SUCCESS response=102
[2026-01-11 20:08:10] Client connected
[2026-01-11 20:08:10] [DISPATCH] action=login username=minhduc2
[2026-01-11 20:08:10] [login] Action: User: minhduc2 status=SUCCESS user_id=7 response=101
[2026-01-11 20:08:15] Client connected
[2026-01-11 20:08:15] [DISPATCH] action=login username=teonhe2
[2026-01-11 20:08:16] [login] Action: User: teonhe2 status=SUCCESS user_id=3 response=101
[2026-01-11 20:08:56] Client connected
[2026-01-11 20:08:56] [DISPATCH] action=list_projects user_id=3 username=teonhe2
[2026-01-11 20:09:00] Client connected
[2026-01-11 20:09:00] [DISPATCH] action=list_projects user_id=7 username=minhduc2
[2026-01-11 20:09:01] Client connected
[2026-01-11 20:09:12] Client connected
[2026-01-11 20:12:05] Client connected
[2026-01-11 20:12:05] [DISPATCH] action=create_project user_id=7 project_name=Test
[2026-01-11 20:12:51] Client connected
[2026-01-11 20:12:51] [DISPATCH] action=create_project user_id=7 project_name=Test1
[2026-01-11 20:15:13] Client connected
[2026-01-11 20:15:13] [DISPATCH] action=create_project user_id=7 project_name=deploy
[2026-01-11 20:17:01] Client connected
[2026-01-11 20:17:01] [DISPATCH] action=login username=minhduc2
[2026-01-11 20:17:01] [login] Action: User: minhduc2 status=SUCCESS user_id=7 response=101
[2026-01-11 20:17:05] Client connected
[2026-01-11 20:17:05] [DISPATCH] action=list_projects user_id=7 username=minhduc2
[2026-01-11 20:17:14] Client connected
[2026-01-11 20:17:14] [DISPATCH] action=create_project user_id=7 project_name=unknown
[2026-01-11 20:17:14] [create_project] user_id=7 project_id=238 project_name=Test
[2026-01-11 20:17:14] Client connected
[2026-01-11 20:17:14] [DISPATCH] action=list_projects user_id=7 username=minhduc2
[2026-01-11 20:17:43] Client connected
[2026-01-11 20:17:43] [DISPATCH] action=list_tasks user_id=7 project_id=238
[2026-01-11 20:18:06] Client connected
[2026-01-11 20:18:06] [DISPATCH] action=list_members user_id=7 project_id=238
[2026-01-11 20:18:41] Client connected
[2026-01-11 20:18:41] [DISPATCH] action=add_member user_id=7 new_member=md role=MEMBER
[2026-01-11 20:19:25] Client connected
[2026-01-11 20:19:25] [DISPATCH] action=add_member user_id=7 new_member=teonhe2 role=MEMBER
[2026-01-11 20:19:25] [add_member] user_id=7 project_id=238 new_member=teonhe2 role=MEMBER
[2026-01-11 20:19:25] Client connected
[2026-01-11 20:19:25] [DISPATCH] action=list_members user_id=7 project_id=238   
[2026-01-11 20:20:59] Client connected
[2026-01-11 20:20:59] [DISPATCH] action=login username=teonhe2
[2026-01-11 20:20:59] [login] Action: User: teonhe2 status=SUCCESS user_id=3 response=101
[2026-01-11 20:21:03] Client connected
[2026-01-11 20:21:03] [DISPATCH] action=list_projects user_id=3 username=teonhe2
[2026-01-11 20:21:11] Client connected
[2026-01-11 20:21:11] [DISPATCH] action=search_project user_id=3 search_term=
[2026-01-11 20:21:49] Client connected
[2026-01-11 20:21:49] [DISPATCH] action=list_tasks user_id=3 project_id=238
[2026-01-11 20:21:51] Client connected
[2026-01-11 20:21:51] [DISPATCH] action=list_tasks user_id=3 project_id=238
[2026-01-11 20:21:58] Client connected
[2026-01-11 20:21:58] [DISPATCH] action=list_members user_id=3 project_id=238
[2026-01-11 20:47:34] Client connected
[2026-01-11 20:47:34] [DISPATCH] action=register username=cdjthe
[2026-01-11 20:47:34] [register] Action: User: cdjthe status=SUCCESS response=102
[2026-01-11 20:47:46] Client connected
[2026-01-11 20:47:46] [DISPATCH] action=login username=minhduc2
[2026-01-11 20:47:46] [login] Action: User: minhduc2 status=SUCCESS user_id=7 response=101
[2026-01-11 20:48:00] Client connected
[2026-01-11 20:48:00] [DISPATCH] action=list_projects user_id=6 username=minhduc1
[2026-01-11 20:48:06] Client connected
[2026-01-11 20:48:06] [DISPATCH] action=list_tasks user_id=6 project_id=238
[2026-01-11 20:48:12] Client connected
[2026-01-11 20:48:12] [DISPATCH] action=list_members user_id=6 project_id=238
[2026-01-11 20:48:17] Client connected
[2026-01-11 20:48:17] [DISPATCH] action=update_member user_id=6 project_id=238 member= new_role=PM
[2026-01-11 20:48:29] Client connected
[2026-01-11 20:48:29] [DISPATCH] action=add_member user_id=6 new_member=cdjthe role=MEMBER
[2026-01-11 20:48:29] [add_member] status=152 message=Permission denied user_id=6 project_id=238
[2026-01-11 20:48:57] Client connected
[2026-01-11 20:48:57] [DISPATCH] action=create_project user_id=6 project_name=unknown
[2026-01-11 20:48:57] [create_project] status=105 message=Project created successfully user_id=6 project_id=239 project_name=www
[2026-01-11 20:48:57] Client connected
[2026-01-11 20:48:57] [DISPATCH] action=list_projects user_id=6 username=minhduc1
[2026-01-11 20:49:28] Client connected
[2026-01-11 20:49:28] [DISPATCH] action=list_projects user_id=6 username=minhduc1
[2026-01-11 20:49:32] Client connected
[2026-01-11 20:49:32] [DISPATCH] action=search_project user_id=6 search_term=
[2026-01-11 20:49:37] Client connected
[2026-01-11 20:49:37] [DISPATCH] action=list_tasks user_id=6 project_id=239
[2026-01-11 20:49:44] Client connected
[2026-01-11 20:49:44] [DISPATCH] action=list_tasks user_id=6 project_id=239
[2026-01-11 20:49:50] Client connected
[2026-01-11 20:49:50] [DISPATCH] action=create_task user_id=6 project_id=239 task_name=dd
[2026-01-11 20:49:50] [create_task] status=108 message=Task created user_id=6 project_id=239 task_id=6 task_name=dd
[2026-01-11 20:49:50] Client connected
[2026-01-11 20:49:50] [DISPATCH] action=list_tasks user_id=6 project_id=239
[2026-01-11 20:50:36] Client connected
[2026-01-11 20:50:36] [DISPATCH] action=create_task user_id=6 project_id=239 task_name=dd
[2026-01-11 20:50:36] [create_task] status=108 message=Task created user_id=6 project_id=239 task_id=7 task_name=dd
[2026-01-11 20:50:36] Client connected
[2026-01-11 20:50:36] [DISPATCH] action=list_tasks user_id=6 project_id=239
[2026-01-11 20:50:39] Client connected
[2026-01-11 20:50:39] [DISPATCH] action=get_task_detail user_id=6 task_id=6
[2026-01-11 20:50:39] [get_task_detail] user_id=6 task_id=6 comments_count=0
[2026-01-11 20:51:01] Client connected
[2026-01-11 20:51:01] [DISPATCH] action=login username=cdjthe
[2026-01-11 20:51:01] [login] Action: User: cdjthe status=SUCCESS user_id=8 response=101
[2026-01-12 03:53:00] Server start on port 8080
[2026-01-12 03:53:13] Client connected
[2026-01-12 03:53:13] [DISPATCH] action=login username=teonhe
[2026-01-12 03:53:13] [login] Action: User: teonhe status=SUCCESS user_id=1 response=101
[2026-01-12 03:56:05] Server start on port 8080
[2026-01-12 03:56:15] Client connected
[2026-01-12 03:56:15] [DISPATCH] action=login username=teonhe1
[2026-01-12 03:56:15] [RESPONSE] status=101 message=Login successful
[2026-01-12 03:56:15] [login] Action: User: teonhe1 status=SUCCESS user_id=2 response=101
[2026-01-12 03:56:17] Client connected
[2026-01-12 03:56:17] [DISPATCH] action=list_projects user_id=2 username=teonhe1
[2026-01-12 03:56:17] [project/list_projects] status=153 message=No projects found user_id=2
[2026-01-12 03:56:17] [RESPONSE] status=153 message=No projects found
[2026-01-12 03:56:17] Client connected
[2026-01-12 03:56:17] [DISPATCH] action=list_projects user_id=2 username=teonhe1
[2026-01-12 03:56:17] [project/list_projects] status=153 message=No projects found user_id=2
[2026-01-12 03:56:17] [RESPONSE] status=153 message=No projects found
[2026-01-12 03:56:43] Client connected
[2026-01-12 03:56:43] [DISPATCH] action=login username=minhduc2
[2026-01-12 03:56:43] [RESPONSE] status=101 message=Login successful
[2026-01-12 03:56:43] [login] Action: User: minhduc2 status=SUCCESS user_id=7 response=101
[2026-01-12 03:56:45] Client connected
[2026-01-12 03:56:45] [DISPATCH] action=list_projects user_id=7 username=minhduc2
[2026-01-12 03:56:45] [RESPONSE] status=103 message=Projects retrieved
[2026-01-12 03:57:28] Client connected
[2026-01-12 03:57:28] [DISPATCH] action=list_tasks user_id=7 project_id=238
[2026-01-12 03:57:28] [RESPONSE] status=107 message=List tasks success
[2026-01-12 03:57:38] Client connected
[2026-01-12 03:57:38] [DISPATCH] action=create_task user_id=7 project_id=238 task_name=woww
[2026-01-12 03:57:38] [create_task] status=108 message=Task created user_id=7 project_id=238 task_id=8 task_name=woww
[2026-01-12 03:57:38] [RESPONSE] status=108 message=Task created
[2026-01-12 03:57:38] Client connected
[2026-01-12 03:57:38] [DISPATCH] action=list_tasks user_id=7 project_id=238
[2026-01-12 03:57:38] [RESPONSE] status=107 message=List tasks success
[2026-01-12 03:58:17] Client connected
[2026-01-12 03:58:17] [DISPATCH] action=create_task user_id=7 project_id=238 task_name=uow
[2026-01-12 03:58:17] [create_task] status=108 message=Task created user_id=7 project_id=238 task_id=9 task_name=uow
[2026-01-12 03:58:17] [RESPONSE] status=108 message=Task created
[2026-01-12 03:58:17] Client connected
[2026-01-12 03:58:17] [DISPATCH] action=list_tasks user_id=7 project_id=238
[2026-01-12 03:58:17] [RESPONSE] status=107 message=List tasks success
[2026-01-12 03:58:27] Client connected
[2026-01-12 03:58:28] [DISPATCH] action=get_task_detail user_id=7 task_id=5
[2026-01-12 03:58:28] [RESPONSE] status=112 message=Task detail retrieved
[2026-01-12 03:58:28] [get_task_detail] user_id=7 task_id=5 comments_count=3
[2026-01-12 03:58:31] Client connected
[2026-01-12 03:58:31] [DISPATCH] action=get_task_detail user_id=7 task_id=5
[2026-01-12 03:58:31] [RESPONSE] status=112 message=Task detail retrieved
[2026-01-12 03:58:31] [get_task_detail] user_id=7 task_id=5 comments_count=3
[2026-01-12 03:58:35] Client connected
[2026-01-12 03:58:35] [DISPATCH] action=update_task user_id=7 task_id=5 new_status=in_progress
[2026-01-12 03:58:35] [RESPONSE] status=110 message=Task updated
[2026-01-12 03:58:35] Client connected
[2026-01-12 03:58:35] [DISPATCH] action=list_tasks user_id=7 project_id=238
[2026-01-12 03:58:35] [RESPONSE] status=107 message=List tasks success
[2026-01-12 03:58:43] Client connected
[2026-01-12 03:58:43] [DISPATCH] action=get_task_detail user_id=7 task_id=8
[2026-01-12 03:58:43] [RESPONSE] status=112 message=Task detail retrieved
[2026-01-12 03:58:43] [get_task_detail] user_id=7 task_id=8 comments_count=0
[2026-01-12 03:58:46] Client connected
[2026-01-12 03:58:46] [DISPATCH] action=update_task user_id=7 task_id=8 new_status=blocked
[2026-01-12 03:58:46] [RESPONSE] status=110 message=Task updated
[2026-01-12 03:58:46] Client connected
[2026-01-12 03:58:46] [DISPATCH] action=list_tasks user_id=7 project_id=238
[2026-01-12 03:58:46] [RESPONSE] status=107 message=List tasks success
[2026-01-12 04:06:35] Client connected
[2026-01-12 04:06:35] [DISPATCH] action=search_project user_id=7 search_term=
[2026-01-12 04:06:35] [RESPONSE] status=104 message=Search results
[2026-01-12 04:06:53] Client connected
[2026-01-12 04:06:53] [DISPATCH] action=search_project user_id=7 search_term=
[2026-01-12 04:06:53] [RESPONSE] status=104 message=Search results
[2026-01-12 04:08:33] Server start on port 8080
[2026-01-12 04:09:47] Client connected
[2026-01-12 04:09:47] [DISPATCH] action=register username=minhduc1
[2026-01-12 04:09:47] [RESPONSE] status=162 message=Username exists
[2026-01-12 04:09:47] [register] Action: User: minhduc1 status=FAILED response=162
[2026-01-12 04:10:21] Client connected
[2026-01-12 04:10:21] [DISPATCH] action=login username=minhduc1
[2026-01-12 04:10:21] [RESPONSE] status=101 message=Login successful
[2026-01-12 04:10:21] [login] Action: User: minhduc1 status=SUCCESS user_id=6 response=101
[2026-01-12 04:10:42] Client connected
[2026-01-12 04:10:42] [DISPATCH] action=list_projects user_id=6 username=minhduc1
[2026-01-12 04:10:42] [RESPONSE] status=103 message=Projects retrieved
[2026-01-12 04:10:54] Client connected
[2026-01-12 04:10:54] [DISPATCH] action=list_tasks user_id=6 project_id=238
[2026-01-12 04:10:54] [RESPONSE] status=107 message=List tasks success
[2026-01-12 04:10:58] Client connected
[2026-01-12 04:10:58] [DISPATCH] action=list_tasks user_id=6 project_id=238
[2026-01-12 04:10:58] [RESPONSE] status=107 message=List tasks success
[2026-01-12 04:11:02] Client connected
[2026-01-12 04:11:02] [DISPATCH] action=get_task_detail user_id=6 task_id=5
[2026-01-12 04:11:02] [RESPONSE] status=112 message=Task detail retrieved
[2026-01-12 04:11:02] [get_task_detail] user_id=6 task_id=5 comments_count=3
